Rendering project: /Users/spencerparr/Desktop/CWORI_RStudio/Coral_survivorship_project
[1/3] index.qmd
[2/3] all_coral_cover.qmd


processing file: all_coral_cover.qmd
1/17                                 
2/17 [all-coral-setup]               
3/17                                 
4/17 [all-coral-plot-status]         
5/17                                 
6/17 [all-coral-cover-plot]          
7/17                                 
8/17 [all-coral-cover-table]         
9/17                                 
10/17 [all-coral-species-cover-plot]  
11/17                                 
12/17 [all-coral-latest-species-table]
13/17                                 
14/17 [all-coral-file-audit]          
15/17                                 
16/17 [all-coral-survey-qa]           
17/17                                 
output file: all_coral_cover.knit.md

[3/3] coral_survivorship_report.qmd


processing file: coral_survivorship_report.qmd
1/253                                           
2/253 [setup]                                   
3/253                                           
4/253 [current-intake-qa]                       
5/253                                           
6/253 [current-section-coverage]                
7/253                                           
8/253 [outplant-file-audit]                     
9/253                                           
10/253 [outplant-interval-qa]                    
11/253                                           
12/253 [outplant-unstable-genet-examples]        
13/253                                           
14/253 [outplant-shared-month-continuity]        
15/253                                           
16/253 [outplant-cumulative-survival-table]      
17/253                                           
18/253 [outplant-temperature-summary]            
19/253                                           
20/253 [outplant-plot-e-cumulative-survival-plot]
21/253                                           
22/253 [outplant-short-cumulative-survival-plot] 
23/253                                           
24/253 [outplant-interval-survival-table]        
25/253                                           
26/253 [outplant-plot-e-interval-survival-plot]  
27/253                                           
28/253 [outplant-short-interval-survival-plot]   
29/253                                           
30/253 [outplant-cover-table]                    
31/253                                           
32/253 [outplant-cover-plot]                     
33/253                                           
34/253 [outplant-species-prevalence-table]       
35/253                                           
36/253 [outplant-species-prevalence-plot]        
37/253                                           
38/253 [outplant-species-cover-plot]             
39/253                                           
40/253 [outplant-plot-depth-summary]             
41/253                                           
42/253 [outplant-species-depth-summary]          
43/253                                           
44/253 [plot-a-configured-files]                 
45/253                                           
46/253 [plot-a-depth-summary]                    
47/253                                           
48/253 [plot-a-file-audit]                       
49/253                                           
50/253 [plot-a-interval-qa]                      
51/253                                           
52/253 [plot-a-shared-month-continuity]          
53/253                                           
54/253 [plot-a-cumulative-survival-table]        
55/253                                           
56/253 [plot-a-cumulative-survival-plot]         
57/253                                           
58/253 [plot-a-interval-survival-table]          
59/253                                           
60/253 [plot-a-interval-survival-plot]           
61/253                                           
62/253 [plot-a-cover-table]                      
63/253                                           
64/253 [plot-a-cover-plot]                       
65/253                                           
66/253 [plot-a-total-cover-bars]                 
67/253                                           
68/253 [plot-a-species-prevalence-table]         
69/253                                           
70/253 [plot-a-species-prevalence-plot]          
71/253                                           
72/253 [plot-a-species-cover-plot]               
73/253                                           
74/253 [plot-b-configured-files]                 
75/253                                           
76/253 [plot-b-depth-summary]                    
77/253                                           
78/253 [plot-b-file-audit]                       
79/253                                           
80/253 [plot-b-interval-qa]                      
81/253                                           
82/253 [plot-b-shared-month-continuity]          
83/253                                           
84/253 [plot-b-cumulative-survival-table]        
85/253                                           
86/253 [plot-b-cumulative-survival-plot]         
87/253                                           
88/253 [plot-b-interval-survival-table]          
89/253                                           
90/253 [plot-b-interval-survival-plot]           
91/253                                           
92/253 [plot-b-cover-table]                      
93/253                                           
94/253 [plot-b-cover-plot]                       
95/253                                           
96/253 [plot-b-total-cover-bars]                 
97/253                                           
98/253 [plot-b-species-prevalence-table]         
99/253                                           
100/253 [plot-b-species-prevalence-plot]          
101/253                                           
102/253 [plot-b-species-cover-plot]               
103/253                                           
104/253 [plot-c-configured-files]                 
105/253                                           
106/253 [plot-c-depth-summary]                    
107/253                                           
108/253 [plot-c-file-audit]                       
109/253                                           
110/253 [plot-c-interval-qa]                      
111/253                                           
112/253 [plot-c-shared-month-continuity]          
113/253                                           
114/253 [plot-c-cumulative-survival-table]        
115/253                                           
116/253 [plot-c-cumulative-survival-plot]         
117/253                                           
118/253 [plot-c-interval-survival-table]          
119/253                                           
120/253 [plot-c-interval-survival-plot]           
121/253                                           
122/253 [plot-c-cover-table]                      
123/253                                           
124/253 [plot-c-cover-plot]                       
125/253                                           
126/253 [plot-c-total-cover-bars]                 
127/253                                           
128/253 [plot-c-species-prevalence-table]         
129/253                                           
130/253 [plot-c-species-prevalence-plot]          
131/253                                           
132/253 [plot-c-species-cover-plot]               
133/253                                           
134/253 [plot-d-configured-files]                 
135/253                                           
136/253 [plot-d-depth-summary]                    
137/253                                           
138/253 [plot-d-file-audit]                       
139/253                                           
140/253 [plot-d-interval-qa]                      
141/253                                           
142/253 [plot-d-shared-month-continuity]          
143/253                                           
144/253 [plot-d-cumulative-survival-table]        
145/253                                           
146/253 [plot-d-cumulative-survival-plot]         
147/253                                           
148/253 [plot-d-interval-survival-table]          
149/253                                           
150/253 [plot-d-interval-survival-plot]           
151/253                                           
152/253 [plot-d-cover-table]                      
153/253                                           
154/253 [plot-d-cover-plot]                       
155/253                                           
156/253 [plot-d-total-cover-bars]                 
157/253                                           
158/253 [plot-d-species-prevalence-table]         
159/253                                           
160/253 [plot-d-species-prevalence-plot]          
161/253                                           
162/253 [plot-d-species-cover-plot]               
163/253                                           
164/253 [plot-e-configured-files]                 
165/253                                           
166/253 [plot-e-depth-summary]                    
167/253                                           
168/253 [plot-e-file-audit]                       
169/253                                           
170/253 [plot-e-interval-qa]                      
171/253                                           
172/253 [plot-e-shared-month-continuity]          
173/253                                           
174/253 [plot-e-cumulative-survival-table]        
175/253                                           
176/253 [plot-e-cumulative-survival-plot]         
177/253                                           
178/253 [plot-e-interval-survival-table]          
179/253                                           
180/253 [plot-e-interval-survival-plot]           
181/253                                           
182/253 [plot-e-cover-table]                      
183/253                                           
184/253 [plot-e-cover-plot]                       
185/253                                           
186/253 [plot-e-total-cover-bars]                 
187/253                                           
188/253 [plot-e-species-prevalence-table]         
189/253                                           
190/253 [plot-e-species-prevalence-plot]          
191/253                                           
192/253 [plot-e-species-cover-plot]               
193/253                                           
194/253 [plot-g-configured-files]                 
195/253                                           
196/253 [plot-g-depth-summary]                    
197/253                                           
198/253 [plot-g-file-audit]                       
199/253                                           
200/253 [plot-g-interval-qa]                      
201/253                                           
202/253 [plot-g-shared-month-continuity]          
203/253                                           
204/253 [plot-g-cumulative-survival-table]        
205/253                                           
206/253 [plot-g-cumulative-survival-plot]         
207/253                                           
208/253 [plot-g-interval-survival-table]          
209/253                                           
210/253 [plot-g-interval-survival-plot]           
211/253                                           
212/253 [plot-g-cover-table]                      
213/253                                           
214/253 [plot-g-cover-plot]                       
215/253                                           
216/253 [plot-g-total-cover-bars]                 
217/253                                           
218/253 [plot-g-species-prevalence-table]         
219/253                                           
220/253 [plot-g-species-prevalence-plot]          
221/253                                           
222/253 [plot-g-species-cover-plot]               
223/253                                           
224/253 [plot-h-configured-files]                 
225/253                                           
226/253 [plot-h-depth-summary]                    
227/253                                           
228/253 [plot-h-file-audit]                       
229/253                                           
230/253 [plot-h-interval-qa]                      
231/253                                           
232/253 [plot-h-shared-month-continuity]          
233/253                                           
234/253 [plot-h-cumulative-survival-table]        
235/253                                           
236/253 [plot-h-cumulative-survival-plot]         
237/253                                           
238/253 [plot-h-interval-survival-table]          
239/253                                           
240/253 [plot-h-interval-survival-plot]           
241/253                                           
242/253 [plot-h-cover-table]                      
243/253                                           
244/253 [plot-h-cover-plot]                       
245/253                                           
246/253 [plot-h-total-cover-bars]                 
247/253                                           
248/253 [plot-h-species-prevalence-table]         
249/253                                           
250/253 [plot-h-species-prevalence-plot]          
251/253                                           
252/253 [plot-h-species-cover-plot]               
253/253                                           
output file: coral_survivorship_report.knit.md


Output created: docs/index.html


Rendered the pretty homepage successfully.
Open this file to preview it locally:
/Users/spencerparr/Desktop/CWORI_RStudio/Coral_survivorship_project/docs/index.html

To update the public GitHub Pages site, commit and push the changed files.
